/home/carpe-bleue/ROS/helios_ws/src/helios_robot/install/helios_robot/lib/python3.10/site-packages/helios_robot/helios_sensors_normalized.py
/home/carpe-bleue/ROS/helios_ws/src/helios_robot/install/helios_robot/lib/python3.10/site-packages/helios_robot/helios_test.py
/home/carpe-bleue/ROS/helios_ws/src/helios_robot/install/helios_robot/lib/python3.10/site-packages/helios_robot/helios_pose2cable_2.py
/home/carpe-bleue/ROS/helios_ws/src/helios_robot/install/helios_robot/lib/python3.10/site-packages/helios_robot/helios_sensors_filter.py
/home/carpe-bleue/ROS/helios_ws/src/helios_robot/install/helios_robot/lib/python3.10/site-packages/helios_robot/helios_robot_mocap_plot.py
/home/carpe-bleue/ROS/helios_ws/src/helios_robot/install/helios_robot/lib/python3.10/site-packages/helios_robot/helios_robot_mocap.py
/home/carpe-bleue/ROS/helios_ws/src/helios_robot/install/helios_robot/lib/python3.10/site-packages/helios_robot/helios_sensors_merged_plot.py
/home/carpe-bleue/ROS/helios_ws/src/helios_robot/install/helios_robot/lib/python3.10/site-packages/helios_robot/helios_IK_2.py
/home/carpe-bleue/ROS/helios_ws/src/helios_robot/install/helios_robot/lib/python3.10/site-packages/helios_robot/helios_sensor2angle.py
/home/carpe-bleue/ROS/helios_ws/src/helios_robot/install/helios_robot/lib/python3.10/site-packages/helios_robot/helios_sensors_variation.py
/home/carpe-bleue/ROS/helios_ws/src/helios_robot/install/helios_robot/lib/python3.10/site-packages/helios_robot/helios_difference_plot.py
/home/carpe-bleue/ROS/helios_ws/src/helios_robot/install/helios_robot/lib/python3.10/site-packages/helios_robot/helios_FK_compare.py
/home/carpe-bleue/ROS/helios_ws/src/helios_robot/install/helios_robot/lib/python3.10/site-packages/helios_robot/helios_robot_sensor2pose.py
/home/carpe-bleue/ROS/helios_ws/src/helios_robot/install/helios_robot/lib/python3.10/site-packages/helios_robot/helios_sensors_filter_2.py
/home/carpe-bleue/ROS/helios_ws/src/helios_robot/install/helios_robot/lib/python3.10/site-packages/helios_robot/helios_IK_3.py
/home/carpe-bleue/ROS/helios_ws/src/helios_robot/install/helios_robot/lib/python3.10/site-packages/helios_robot/helios_sensors_filtered_plot.py
/home/carpe-bleue/ROS/helios_ws/src/helios_robot/install/helios_robot/lib/python3.10/site-packages/helios_robot/helios_compare_angles.py
/home/carpe-bleue/ROS/helios_ws/src/helios_robot/install/helios_robot/lib/python3.10/site-packages/helios_robot/helios_robot_reversed_kinematic.py
/home/carpe-bleue/ROS/helios_ws/src/helios_robot/install/helios_robot/lib/python3.10/site-packages/helios_robot/helios_robot_pose_plot.py
/home/carpe-bleue/ROS/helios_ws/src/helios_robot/install/helios_robot/lib/python3.10/site-packages/helios_robot/helios_sensors_raw_plot.py
/home/carpe-bleue/ROS/helios_ws/src/helios_robot/install/helios_robot/lib/python3.10/site-packages/helios_robot/helios_robot_calibration_2.py
/home/carpe-bleue/ROS/helios_ws/src/helios_robot/install/helios_robot/lib/python3.10/site-packages/helios_robot/helios_robot_sensor2pose_2.py
/home/carpe-bleue/ROS/helios_ws/src/helios_robot/install/helios_robot/lib/python3.10/site-packages/helios_robot/helios_pose_plot.py
/home/carpe-bleue/ROS/helios_ws/src/helios_robot/install/helios_robot/lib/python3.10/site-packages/helios_robot/helios_robot_sensor2angle.py
/home/carpe-bleue/ROS/helios_ws/src/helios_robot/install/helios_robot/lib/python3.10/site-packages/helios_robot/__init__.py
/home/carpe-bleue/ROS/helios_ws/src/helios_robot/install/helios_robot/lib/python3.10/site-packages/helios_robot/helios_robot_kine_pcc.py
/home/carpe-bleue/ROS/helios_ws/src/helios_robot/install/helios_robot/lib/python3.10/site-packages/helios_robot/helios_robot_calibration.py
/home/carpe-bleue/ROS/helios_ws/src/helios_robot/install/helios_robot/lib/python3.10/site-packages/helios_robot/helios_robot_plot_PCC.py
/home/carpe-bleue/ROS/helios_ws/src/helios_robot/install/helios_robot/lib/python3.10/site-packages/helios_robot/helios_robot_plot_reversed_kinematic.py
/home/carpe-bleue/ROS/helios_ws/src/helios_robot/install/helios_robot/lib/python3.10/site-packages/helios_robot/helios_IK.py
/home/carpe-bleue/ROS/helios_ws/src/helios_robot/install/helios_robot/lib/python3.10/site-packages/helios_robot/helios_pose2cable.py
/home/carpe-bleue/ROS/helios_ws/src/helios_robot/install/helios_robot/lib/python3.10/site-packages/helios_robot/__pycache__/helios_sensors_normalized.cpython-310.pyc
/home/carpe-bleue/ROS/helios_ws/src/helios_robot/install/helios_robot/lib/python3.10/site-packages/helios_robot/__pycache__/helios_test.cpython-310.pyc
/home/carpe-bleue/ROS/helios_ws/src/helios_robot/install/helios_robot/lib/python3.10/site-packages/helios_robot/__pycache__/helios_pose2cable_2.cpython-310.pyc
/home/carpe-bleue/ROS/helios_ws/src/helios_robot/install/helios_robot/lib/python3.10/site-packages/helios_robot/__pycache__/helios_sensors_filter.cpython-310.pyc
/home/carpe-bleue/ROS/helios_ws/src/helios_robot/install/helios_robot/lib/python3.10/site-packages/helios_robot/__pycache__/helios_robot_mocap_plot.cpython-310.pyc
/home/carpe-bleue/ROS/helios_ws/src/helios_robot/install/helios_robot/lib/python3.10/site-packages/helios_robot/__pycache__/helios_robot_mocap.cpython-310.pyc
/home/carpe-bleue/ROS/helios_ws/src/helios_robot/install/helios_robot/lib/python3.10/site-packages/helios_robot/__pycache__/helios_sensors_merged_plot.cpython-310.pyc
/home/carpe-bleue/ROS/helios_ws/src/helios_robot/install/helios_robot/lib/python3.10/site-packages/helios_robot/__pycache__/helios_IK_2.cpython-310.pyc
/home/carpe-bleue/ROS/helios_ws/src/helios_robot/install/helios_robot/lib/python3.10/site-packages/helios_robot/__pycache__/helios_sensor2angle.cpython-310.pyc
/home/carpe-bleue/ROS/helios_ws/src/helios_robot/install/helios_robot/lib/python3.10/site-packages/helios_robot/__pycache__/helios_sensors_variation.cpython-310.pyc
/home/carpe-bleue/ROS/helios_ws/src/helios_robot/install/helios_robot/lib/python3.10/site-packages/helios_robot/__pycache__/helios_difference_plot.cpython-310.pyc
/home/carpe-bleue/ROS/helios_ws/src/helios_robot/install/helios_robot/lib/python3.10/site-packages/helios_robot/__pycache__/helios_FK_compare.cpython-310.pyc
/home/carpe-bleue/ROS/helios_ws/src/helios_robot/install/helios_robot/lib/python3.10/site-packages/helios_robot/__pycache__/helios_robot_sensor2pose.cpython-310.pyc
/home/carpe-bleue/ROS/helios_ws/src/helios_robot/install/helios_robot/lib/python3.10/site-packages/helios_robot/__pycache__/helios_sensors_filter_2.cpython-310.pyc
/home/carpe-bleue/ROS/helios_ws/src/helios_robot/install/helios_robot/lib/python3.10/site-packages/helios_robot/__pycache__/helios_IK_3.cpython-310.pyc
/home/carpe-bleue/ROS/helios_ws/src/helios_robot/install/helios_robot/lib/python3.10/site-packages/helios_robot/__pycache__/helios_sensors_filtered_plot.cpython-310.pyc
/home/carpe-bleue/ROS/helios_ws/src/helios_robot/install/helios_robot/lib/python3.10/site-packages/helios_robot/__pycache__/helios_compare_angles.cpython-310.pyc
/home/carpe-bleue/ROS/helios_ws/src/helios_robot/install/helios_robot/lib/python3.10/site-packages/helios_robot/__pycache__/helios_robot_reversed_kinematic.cpython-310.pyc
/home/carpe-bleue/ROS/helios_ws/src/helios_robot/install/helios_robot/lib/python3.10/site-packages/helios_robot/__pycache__/helios_robot_pose_plot.cpython-310.pyc
/home/carpe-bleue/ROS/helios_ws/src/helios_robot/install/helios_robot/lib/python3.10/site-packages/helios_robot/__pycache__/helios_sensors_raw_plot.cpython-310.pyc
/home/carpe-bleue/ROS/helios_ws/src/helios_robot/install/helios_robot/lib/python3.10/site-packages/helios_robot/__pycache__/helios_robot_calibration_2.cpython-310.pyc
/home/carpe-bleue/ROS/helios_ws/src/helios_robot/install/helios_robot/lib/python3.10/site-packages/helios_robot/__pycache__/helios_robot_sensor2pose_2.cpython-310.pyc
/home/carpe-bleue/ROS/helios_ws/src/helios_robot/install/helios_robot/lib/python3.10/site-packages/helios_robot/__pycache__/helios_pose_plot.cpython-310.pyc
/home/carpe-bleue/ROS/helios_ws/src/helios_robot/install/helios_robot/lib/python3.10/site-packages/helios_robot/__pycache__/helios_robot_sensor2angle.cpython-310.pyc
/home/carpe-bleue/ROS/helios_ws/src/helios_robot/install/helios_robot/lib/python3.10/site-packages/helios_robot/__pycache__/__init__.cpython-310.pyc
/home/carpe-bleue/ROS/helios_ws/src/helios_robot/install/helios_robot/lib/python3.10/site-packages/helios_robot/__pycache__/helios_robot_kine_pcc.cpython-310.pyc
/home/carpe-bleue/ROS/helios_ws/src/helios_robot/install/helios_robot/lib/python3.10/site-packages/helios_robot/__pycache__/helios_robot_calibration.cpython-310.pyc
/home/carpe-bleue/ROS/helios_ws/src/helios_robot/install/helios_robot/lib/python3.10/site-packages/helios_robot/__pycache__/helios_robot_plot_PCC.cpython-310.pyc
/home/carpe-bleue/ROS/helios_ws/src/helios_robot/install/helios_robot/lib/python3.10/site-packages/helios_robot/__pycache__/helios_robot_plot_reversed_kinematic.cpython-310.pyc
/home/carpe-bleue/ROS/helios_ws/src/helios_robot/install/helios_robot/lib/python3.10/site-packages/helios_robot/__pycache__/helios_IK.cpython-310.pyc
/home/carpe-bleue/ROS/helios_ws/src/helios_robot/install/helios_robot/lib/python3.10/site-packages/helios_robot/__pycache__/helios_pose2cable.cpython-310.pyc
/home/carpe-bleue/ROS/helios_ws/src/helios_robot/install/helios_robot/share/ament_index/resource_index/packages/helios_robot
/home/carpe-bleue/ROS/helios_ws/src/helios_robot/install/helios_robot/share/helios_robot/package.xml
/home/carpe-bleue/ROS/helios_ws/src/helios_robot/install/helios_robot/share/helios_robot/launch/plot_PCC_launch.py
/home/carpe-bleue/ROS/helios_ws/src/helios_robot/install/helios_robot/share/helios_robot/launch/mocap_optitrack_launch.py
/home/carpe-bleue/ROS/helios_ws/src/helios_robot/install/helios_robot/lib/python3.10/site-packages/helios_robot-1.0-py3.10.egg-info/entry_points.txt
/home/carpe-bleue/ROS/helios_ws/src/helios_robot/install/helios_robot/lib/python3.10/site-packages/helios_robot-1.0-py3.10.egg-info/SOURCES.txt
/home/carpe-bleue/ROS/helios_ws/src/helios_robot/install/helios_robot/lib/python3.10/site-packages/helios_robot-1.0-py3.10.egg-info/zip-safe
/home/carpe-bleue/ROS/helios_ws/src/helios_robot/install/helios_robot/lib/python3.10/site-packages/helios_robot-1.0-py3.10.egg-info/requires.txt
/home/carpe-bleue/ROS/helios_ws/src/helios_robot/install/helios_robot/lib/python3.10/site-packages/helios_robot-1.0-py3.10.egg-info/PKG-INFO
/home/carpe-bleue/ROS/helios_ws/src/helios_robot/install/helios_robot/lib/python3.10/site-packages/helios_robot-1.0-py3.10.egg-info/dependency_links.txt
/home/carpe-bleue/ROS/helios_ws/src/helios_robot/install/helios_robot/lib/python3.10/site-packages/helios_robot-1.0-py3.10.egg-info/top_level.txt
/home/carpe-bleue/ROS/helios_ws/src/helios_robot/install/helios_robot/lib/helios_robot/helios_FK_compare
/home/carpe-bleue/ROS/helios_ws/src/helios_robot/install/helios_robot/lib/helios_robot/helios_IK
/home/carpe-bleue/ROS/helios_ws/src/helios_robot/install/helios_robot/lib/helios_robot/helios_IK_2
/home/carpe-bleue/ROS/helios_ws/src/helios_robot/install/helios_robot/lib/helios_robot/helios_IK_3
/home/carpe-bleue/ROS/helios_ws/src/helios_robot/install/helios_robot/lib/helios_robot/helios_calibration
/home/carpe-bleue/ROS/helios_ws/src/helios_robot/install/helios_robot/lib/helios_robot/helios_calibration_2
/home/carpe-bleue/ROS/helios_ws/src/helios_robot/install/helios_robot/lib/helios_robot/helios_compare_angles
/home/carpe-bleue/ROS/helios_ws/src/helios_robot/install/helios_robot/lib/helios_robot/helios_diff_plot
/home/carpe-bleue/ROS/helios_ws/src/helios_robot/install/helios_robot/lib/helios_robot/helios_inversed_kinematic
/home/carpe-bleue/ROS/helios_ws/src/helios_robot/install/helios_robot/lib/helios_robot/helios_inversed_kinematic_plot
/home/carpe-bleue/ROS/helios_ws/src/helios_robot/install/helios_robot/lib/helios_robot/helios_mocap
/home/carpe-bleue/ROS/helios_ws/src/helios_robot/install/helios_robot/lib/helios_robot/helios_plot_PCC
/home/carpe-bleue/ROS/helios_ws/src/helios_robot/install/helios_robot/lib/helios_robot/helios_pose2cable
/home/carpe-bleue/ROS/helios_ws/src/helios_robot/install/helios_robot/lib/helios_robot/helios_pose2cable_2
/home/carpe-bleue/ROS/helios_ws/src/helios_robot/install/helios_robot/lib/helios_robot/helios_pose_plot
/home/carpe-bleue/ROS/helios_ws/src/helios_robot/install/helios_robot/lib/helios_robot/helios_robot_kine_pcc
/home/carpe-bleue/ROS/helios_ws/src/helios_robot/install/helios_robot/lib/helios_robot/helios_robot_mocap_plot
/home/carpe-bleue/ROS/helios_ws/src/helios_robot/install/helios_robot/lib/helios_robot/helios_robot_sensor2angle
/home/carpe-bleue/ROS/helios_ws/src/helios_robot/install/helios_robot/lib/helios_robot/helios_robot_sensor2pose
/home/carpe-bleue/ROS/helios_ws/src/helios_robot/install/helios_robot/lib/helios_robot/helios_robot_sensor2pose_2
/home/carpe-bleue/ROS/helios_ws/src/helios_robot/install/helios_robot/lib/helios_robot/helios_sensors_filter
/home/carpe-bleue/ROS/helios_ws/src/helios_robot/install/helios_robot/lib/helios_robot/helios_sensors_filter_2
/home/carpe-bleue/ROS/helios_ws/src/helios_robot/install/helios_robot/lib/helios_robot/helios_sensors_filtered_plot
/home/carpe-bleue/ROS/helios_ws/src/helios_robot/install/helios_robot/lib/helios_robot/helios_sensors_merged_plot
/home/carpe-bleue/ROS/helios_ws/src/helios_robot/install/helios_robot/lib/helios_robot/helios_sensors_normalized
/home/carpe-bleue/ROS/helios_ws/src/helios_robot/install/helios_robot/lib/helios_robot/helios_sensors_raw_plot
/home/carpe-bleue/ROS/helios_ws/src/helios_robot/install/helios_robot/lib/helios_robot/helios_sensors_variation
/home/carpe-bleue/ROS/helios_ws/src/helios_robot/install/helios_robot/lib/helios_robot/helios_test
