[0.468s] Invoking command in '/home/carpe-bleue/ROS/helios_ws/src/helios_robot': PYTHONPATH=/home/carpe-bleue/ROS/helios_ws/src/helios_robot/build/helios_robot/prefix_override:/usr/lib/python3/dist-packages/colcon_core/task/python/colcon_distutils_commands:/home/carpe-bleue/ROS/helios_ws/src/helios_robot/install/helios_robot/lib/python3.10/site-packages:${PYTHONPATH} /usr/bin/python3 -W ignore:setup.py install is deprecated -W ignore:easy_install command is deprecated setup.py egg_info --egg-base build/helios_robot build --build-base /home/carpe-bleue/ROS/helios_ws/src/helios_robot/build/helios_robot/build install --record /home/carpe-bleue/ROS/helios_ws/src/helios_robot/build/helios_robot/install.log --single-version-externally-managed install_data
[0.650s] running egg_info
[0.650s] creating build/helios_robot/helios_robot.egg-info
[0.650s] writing build/helios_robot/helios_robot.egg-info/PKG-INFO
[0.650s] writing dependency_links to build/helios_robot/helios_robot.egg-info/dependency_links.txt
[0.650s] writing entry points to build/helios_robot/helios_robot.egg-info/entry_points.txt
[0.650s] writing requirements to build/helios_robot/helios_robot.egg-info/requires.txt
[0.650s] writing top-level names to build/helios_robot/helios_robot.egg-info/top_level.txt
[0.650s] writing manifest file 'build/helios_robot/helios_robot.egg-info/SOURCES.txt'
[0.652s] reading manifest file 'build/helios_robot/helios_robot.egg-info/SOURCES.txt'
[0.652s] writing manifest file 'build/helios_robot/helios_robot.egg-info/SOURCES.txt'
[0.652s] running build
[0.652s] running build_py
[0.653s] creating /home/carpe-bleue/ROS/helios_ws/src/helios_robot/build/helios_robot/build
[0.653s] creating /home/carpe-bleue/ROS/helios_ws/src/helios_robot/build/helios_robot/build/lib
[0.653s] creating /home/carpe-bleue/ROS/helios_ws/src/helios_robot/build/helios_robot/build/lib/helios_robot
[0.653s] copying helios_robot/helios_sensors_normalized.py -> /home/carpe-bleue/ROS/helios_ws/src/helios_robot/build/helios_robot/build/lib/helios_robot
[0.654s] copying helios_robot/helios_test.py -> /home/carpe-bleue/ROS/helios_ws/src/helios_robot/build/helios_robot/build/lib/helios_robot
[0.654s] copying helios_robot/helios_pose2cable_2.py -> /home/carpe-bleue/ROS/helios_ws/src/helios_robot/build/helios_robot/build/lib/helios_robot
[0.655s] copying helios_robot/helios_sensors_filter.py -> /home/carpe-bleue/ROS/helios_ws/src/helios_robot/build/helios_robot/build/lib/helios_robot
[0.655s] copying helios_robot/helios_robot_mocap_plot.py -> /home/carpe-bleue/ROS/helios_ws/src/helios_robot/build/helios_robot/build/lib/helios_robot
[0.655s] copying helios_robot/helios_robot_mocap.py -> /home/carpe-bleue/ROS/helios_ws/src/helios_robot/build/helios_robot/build/lib/helios_robot
[0.656s] copying helios_robot/helios_sensors_merged_plot.py -> /home/carpe-bleue/ROS/helios_ws/src/helios_robot/build/helios_robot/build/lib/helios_robot
[0.656s] copying helios_robot/helios_IK_2.py -> /home/carpe-bleue/ROS/helios_ws/src/helios_robot/build/helios_robot/build/lib/helios_robot
[0.656s] copying helios_robot/helios_sensor2angle.py -> /home/carpe-bleue/ROS/helios_ws/src/helios_robot/build/helios_robot/build/lib/helios_robot
[0.656s] copying helios_robot/helios_sensors_variation.py -> /home/carpe-bleue/ROS/helios_ws/src/helios_robot/build/helios_robot/build/lib/helios_robot
[0.657s] copying helios_robot/helios_difference_plot.py -> /home/carpe-bleue/ROS/helios_ws/src/helios_robot/build/helios_robot/build/lib/helios_robot
[0.657s] copying helios_robot/helios_FK_compare.py -> /home/carpe-bleue/ROS/helios_ws/src/helios_robot/build/helios_robot/build/lib/helios_robot
[0.657s] copying helios_robot/helios_robot_sensor2pose.py -> /home/carpe-bleue/ROS/helios_ws/src/helios_robot/build/helios_robot/build/lib/helios_robot
[0.658s] copying helios_robot/helios_sensors_filter_2.py -> /home/carpe-bleue/ROS/helios_ws/src/helios_robot/build/helios_robot/build/lib/helios_robot
[0.658s] copying helios_robot/helios_IK_3.py -> /home/carpe-bleue/ROS/helios_ws/src/helios_robot/build/helios_robot/build/lib/helios_robot
[0.658s] copying helios_robot/helios_sensors_filtered_plot.py -> /home/carpe-bleue/ROS/helios_ws/src/helios_robot/build/helios_robot/build/lib/helios_robot
[0.659s] copying helios_robot/helios_compare_angles.py -> /home/carpe-bleue/ROS/helios_ws/src/helios_robot/build/helios_robot/build/lib/helios_robot
[0.659s] copying helios_robot/helios_robot_reversed_kinematic.py -> /home/carpe-bleue/ROS/helios_ws/src/helios_robot/build/helios_robot/build/lib/helios_robot
[0.659s] copying helios_robot/helios_robot_pose_plot.py -> /home/carpe-bleue/ROS/helios_ws/src/helios_robot/build/helios_robot/build/lib/helios_robot
[0.659s] copying helios_robot/helios_sensors_raw_plot.py -> /home/carpe-bleue/ROS/helios_ws/src/helios_robot/build/helios_robot/build/lib/helios_robot
[0.660s] copying helios_robot/helios_robot_calibration_2.py -> /home/carpe-bleue/ROS/helios_ws/src/helios_robot/build/helios_robot/build/lib/helios_robot
[0.660s] copying helios_robot/helios_robot_sensor2pose_2.py -> /home/carpe-bleue/ROS/helios_ws/src/helios_robot/build/helios_robot/build/lib/helios_robot
[0.661s] copying helios_robot/helios_pose_plot.py -> /home/carpe-bleue/ROS/helios_ws/src/helios_robot/build/helios_robot/build/lib/helios_robot
[0.661s] copying helios_robot/helios_robot_sensor2angle.py -> /home/carpe-bleue/ROS/helios_ws/src/helios_robot/build/helios_robot/build/lib/helios_robot
[0.661s] copying helios_robot/__init__.py -> /home/carpe-bleue/ROS/helios_ws/src/helios_robot/build/helios_robot/build/lib/helios_robot
[0.662s] copying helios_robot/helios_robot_kine_pcc.py -> /home/carpe-bleue/ROS/helios_ws/src/helios_robot/build/helios_robot/build/lib/helios_robot
[0.662s] copying helios_robot/helios_robot_calibration.py -> /home/carpe-bleue/ROS/helios_ws/src/helios_robot/build/helios_robot/build/lib/helios_robot
[0.662s] copying helios_robot/helios_robot_plot_PCC.py -> /home/carpe-bleue/ROS/helios_ws/src/helios_robot/build/helios_robot/build/lib/helios_robot
[0.662s] copying helios_robot/helios_robot_plot_reversed_kinematic.py -> /home/carpe-bleue/ROS/helios_ws/src/helios_robot/build/helios_robot/build/lib/helios_robot
[0.663s] copying helios_robot/helios_IK.py -> /home/carpe-bleue/ROS/helios_ws/src/helios_robot/build/helios_robot/build/lib/helios_robot
[0.663s] copying helios_robot/helios_pose2cable.py -> /home/carpe-bleue/ROS/helios_ws/src/helios_robot/build/helios_robot/build/lib/helios_robot
[0.664s] running install
[0.664s] running install_lib
[0.664s] creating /home/carpe-bleue/ROS/helios_ws/src/helios_robot/install/helios_robot/lib/python3.10/site-packages/helios_robot
[0.664s] copying /home/carpe-bleue/ROS/helios_ws/src/helios_robot/build/helios_robot/build/lib/helios_robot/helios_sensors_normalized.py -> /home/carpe-bleue/ROS/helios_ws/src/helios_robot/install/helios_robot/lib/python3.10/site-packages/helios_robot
[0.664s] copying /home/carpe-bleue/ROS/helios_ws/src/helios_robot/build/helios_robot/build/lib/helios_robot/helios_test.py -> /home/carpe-bleue/ROS/helios_ws/src/helios_robot/install/helios_robot/lib/python3.10/site-packages/helios_robot
[0.664s] copying /home/carpe-bleue/ROS/helios_ws/src/helios_robot/build/helios_robot/build/lib/helios_robot/helios_pose2cable_2.py -> /home/carpe-bleue/ROS/helios_ws/src/helios_robot/install/helios_robot/lib/python3.10/site-packages/helios_robot
[0.664s] copying /home/carpe-bleue/ROS/helios_ws/src/helios_robot/build/helios_robot/build/lib/helios_robot/helios_sensors_filter.py -> /home/carpe-bleue/ROS/helios_ws/src/helios_robot/install/helios_robot/lib/python3.10/site-packages/helios_robot
[0.665s] copying /home/carpe-bleue/ROS/helios_ws/src/helios_robot/build/helios_robot/build/lib/helios_robot/helios_robot_mocap_plot.py -> /home/carpe-bleue/ROS/helios_ws/src/helios_robot/install/helios_robot/lib/python3.10/site-packages/helios_robot
[0.665s] copying /home/carpe-bleue/ROS/helios_ws/src/helios_robot/build/helios_robot/build/lib/helios_robot/helios_robot_mocap.py -> /home/carpe-bleue/ROS/helios_ws/src/helios_robot/install/helios_robot/lib/python3.10/site-packages/helios_robot
[0.665s] copying /home/carpe-bleue/ROS/helios_ws/src/helios_robot/build/helios_robot/build/lib/helios_robot/helios_sensors_merged_plot.py -> /home/carpe-bleue/ROS/helios_ws/src/helios_robot/install/helios_robot/lib/python3.10/site-packages/helios_robot
[0.665s] copying /home/carpe-bleue/ROS/helios_ws/src/helios_robot/build/helios_robot/build/lib/helios_robot/helios_IK_2.py -> /home/carpe-bleue/ROS/helios_ws/src/helios_robot/install/helios_robot/lib/python3.10/site-packages/helios_robot
[0.665s] copying /home/carpe-bleue/ROS/helios_ws/src/helios_robot/build/helios_robot/build/lib/helios_robot/helios_sensor2angle.py -> /home/carpe-bleue/ROS/helios_ws/src/helios_robot/install/helios_robot/lib/python3.10/site-packages/helios_robot
[0.665s] copying /home/carpe-bleue/ROS/helios_ws/src/helios_robot/build/helios_robot/build/lib/helios_robot/helios_sensors_variation.py -> /home/carpe-bleue/ROS/helios_ws/src/helios_robot/install/helios_robot/lib/python3.10/site-packages/helios_robot
[0.665s] copying /home/carpe-bleue/ROS/helios_ws/src/helios_robot/build/helios_robot/build/lib/helios_robot/helios_difference_plot.py -> /home/carpe-bleue/ROS/helios_ws/src/helios_robot/install/helios_robot/lib/python3.10/site-packages/helios_robot
[0.665s] copying /home/carpe-bleue/ROS/helios_ws/src/helios_robot/build/helios_robot/build/lib/helios_robot/helios_FK_compare.py -> /home/carpe-bleue/ROS/helios_ws/src/helios_robot/install/helios_robot/lib/python3.10/site-packages/helios_robot
[0.665s] copying /home/carpe-bleue/ROS/helios_ws/src/helios_robot/build/helios_robot/build/lib/helios_robot/helios_robot_sensor2pose.py -> /home/carpe-bleue/ROS/helios_ws/src/helios_robot/install/helios_robot/lib/python3.10/site-packages/helios_robot
[0.665s] copying /home/carpe-bleue/ROS/helios_ws/src/helios_robot/build/helios_robot/build/lib/helios_robot/helios_sensors_filter_2.py -> /home/carpe-bleue/ROS/helios_ws/src/helios_robot/install/helios_robot/lib/python3.10/site-packages/helios_robot
[0.665s] copying /home/carpe-bleue/ROS/helios_ws/src/helios_robot/build/helios_robot/build/lib/helios_robot/helios_IK_3.py -> /home/carpe-bleue/ROS/helios_ws/src/helios_robot/install/helios_robot/lib/python3.10/site-packages/helios_robot
[0.665s] copying /home/carpe-bleue/ROS/helios_ws/src/helios_robot/build/helios_robot/build/lib/helios_robot/helios_sensors_filtered_plot.py -> /home/carpe-bleue/ROS/helios_ws/src/helios_robot/install/helios_robot/lib/python3.10/site-packages/helios_robot
[0.665s] copying /home/carpe-bleue/ROS/helios_ws/src/helios_robot/build/helios_robot/build/lib/helios_robot/helios_compare_angles.py -> /home/carpe-bleue/ROS/helios_ws/src/helios_robot/install/helios_robot/lib/python3.10/site-packages/helios_robot
[0.665s] copying /home/carpe-bleue/ROS/helios_ws/src/helios_robot/build/helios_robot/build/lib/helios_robot/helios_robot_reversed_kinematic.py -> /home/carpe-bleue/ROS/helios_ws/src/helios_robot/install/helios_robot/lib/python3.10/site-packages/helios_robot
[0.665s] copying /home/carpe-bleue/ROS/helios_ws/src/helios_robot/build/helios_robot/build/lib/helios_robot/helios_robot_pose_plot.py -> /home/carpe-bleue/ROS/helios_ws/src/helios_robot/install/helios_robot/lib/python3.10/site-packages/helios_robot
[0.665s] copying /home/carpe-bleue/ROS/helios_ws/src/helios_robot/build/helios_robot/build/lib/helios_robot/helios_sensors_raw_plot.py -> /home/carpe-bleue/ROS/helios_ws/src/helios_robot/install/helios_robot/lib/python3.10/site-packages/helios_robot
[0.665s] copying /home/carpe-bleue/ROS/helios_ws/src/helios_robot/build/helios_robot/build/lib/helios_robot/helios_robot_calibration_2.py -> /home/carpe-bleue/ROS/helios_ws/src/helios_robot/install/helios_robot/lib/python3.10/site-packages/helios_robot
[0.665s] copying /home/carpe-bleue/ROS/helios_ws/src/helios_robot/build/helios_robot/build/lib/helios_robot/helios_robot_sensor2pose_2.py -> /home/carpe-bleue/ROS/helios_ws/src/helios_robot/install/helios_robot/lib/python3.10/site-packages/helios_robot
[0.665s] copying /home/carpe-bleue/ROS/helios_ws/src/helios_robot/build/helios_robot/build/lib/helios_robot/helios_pose_plot.py -> /home/carpe-bleue/ROS/helios_ws/src/helios_robot/install/helios_robot/lib/python3.10/site-packages/helios_robot
[0.665s] copying /home/carpe-bleue/ROS/helios_ws/src/helios_robot/build/helios_robot/build/lib/helios_robot/helios_robot_sensor2angle.py -> /home/carpe-bleue/ROS/helios_ws/src/helios_robot/install/helios_robot/lib/python3.10/site-packages/helios_robot
[0.665s] copying /home/carpe-bleue/ROS/helios_ws/src/helios_robot/build/helios_robot/build/lib/helios_robot/__init__.py -> /home/carpe-bleue/ROS/helios_ws/src/helios_robot/install/helios_robot/lib/python3.10/site-packages/helios_robot
[0.665s] copying /home/carpe-bleue/ROS/helios_ws/src/helios_robot/build/helios_robot/build/lib/helios_robot/helios_robot_kine_pcc.py -> /home/carpe-bleue/ROS/helios_ws/src/helios_robot/install/helios_robot/lib/python3.10/site-packages/helios_robot
[0.665s] copying /home/carpe-bleue/ROS/helios_ws/src/helios_robot/build/helios_robot/build/lib/helios_robot/helios_robot_calibration.py -> /home/carpe-bleue/ROS/helios_ws/src/helios_robot/install/helios_robot/lib/python3.10/site-packages/helios_robot
[0.666s] copying /home/carpe-bleue/ROS/helios_ws/src/helios_robot/build/helios_robot/build/lib/helios_robot/helios_robot_plot_PCC.py -> /home/carpe-bleue/ROS/helios_ws/src/helios_robot/install/helios_robot/lib/python3.10/site-packages/helios_robot
[0.666s] copying /home/carpe-bleue/ROS/helios_ws/src/helios_robot/build/helios_robot/build/lib/helios_robot/helios_robot_plot_reversed_kinematic.py -> /home/carpe-bleue/ROS/helios_ws/src/helios_robot/install/helios_robot/lib/python3.10/site-packages/helios_robot
[0.666s] copying /home/carpe-bleue/ROS/helios_ws/src/helios_robot/build/helios_robot/build/lib/helios_robot/helios_IK.py -> /home/carpe-bleue/ROS/helios_ws/src/helios_robot/install/helios_robot/lib/python3.10/site-packages/helios_robot
[0.666s] copying /home/carpe-bleue/ROS/helios_ws/src/helios_robot/build/helios_robot/build/lib/helios_robot/helios_pose2cable.py -> /home/carpe-bleue/ROS/helios_ws/src/helios_robot/install/helios_robot/lib/python3.10/site-packages/helios_robot
[0.666s] byte-compiling /home/carpe-bleue/ROS/helios_ws/src/helios_robot/install/helios_robot/lib/python3.10/site-packages/helios_robot/helios_sensors_normalized.py to helios_sensors_normalized.cpython-310.pyc
[0.667s] byte-compiling /home/carpe-bleue/ROS/helios_ws/src/helios_robot/install/helios_robot/lib/python3.10/site-packages/helios_robot/helios_test.py to helios_test.cpython-310.pyc
[0.668s] byte-compiling /home/carpe-bleue/ROS/helios_ws/src/helios_robot/install/helios_robot/lib/python3.10/site-packages/helios_robot/helios_pose2cable_2.py to helios_pose2cable_2.cpython-310.pyc
[0.669s] byte-compiling /home/carpe-bleue/ROS/helios_ws/src/helios_robot/install/helios_robot/lib/python3.10/site-packages/helios_robot/helios_sensors_filter.py to helios_sensors_filter.cpython-310.pyc
[0.669s] byte-compiling /home/carpe-bleue/ROS/helios_ws/src/helios_robot/install/helios_robot/lib/python3.10/site-packages/helios_robot/helios_robot_mocap_plot.py to helios_robot_mocap_plot.cpython-310.pyc
[0.669s] byte-compiling /home/carpe-bleue/ROS/helios_ws/src/helios_robot/install/helios_robot/lib/python3.10/site-packages/helios_robot/helios_robot_mocap.py to helios_robot_mocap.cpython-310.pyc
[0.670s] byte-compiling /home/carpe-bleue/ROS/helios_ws/src/helios_robot/install/helios_robot/lib/python3.10/site-packages/helios_robot/helios_sensors_merged_plot.py to helios_sensors_merged_plot.cpython-310.pyc
[0.671s] byte-compiling /home/carpe-bleue/ROS/helios_ws/src/helios_robot/install/helios_robot/lib/python3.10/site-packages/helios_robot/helios_IK_2.py to helios_IK_2.cpython-310.pyc
[0.672s] byte-compiling /home/carpe-bleue/ROS/helios_ws/src/helios_robot/install/helios_robot/lib/python3.10/site-packages/helios_robot/helios_sensor2angle.py to helios_sensor2angle.cpython-310.pyc
[0.672s] byte-compiling /home/carpe-bleue/ROS/helios_ws/src/helios_robot/install/helios_robot/lib/python3.10/site-packages/helios_robot/helios_sensors_variation.py to helios_sensors_variation.cpython-310.pyc
[0.673s] byte-compiling /home/carpe-bleue/ROS/helios_ws/src/helios_robot/install/helios_robot/lib/python3.10/site-packages/helios_robot/helios_difference_plot.py to helios_difference_plot.cpython-310.pyc
[0.673s] byte-compiling /home/carpe-bleue/ROS/helios_ws/src/helios_robot/install/helios_robot/lib/python3.10/site-packages/helios_robot/helios_FK_compare.py to helios_FK_compare.cpython-310.pyc
[0.674s] byte-compiling /home/carpe-bleue/ROS/helios_ws/src/helios_robot/install/helios_robot/lib/python3.10/site-packages/helios_robot/helios_robot_sensor2pose.py to helios_robot_sensor2pose.cpython-310.pyc
[0.674s] byte-compiling /home/carpe-bleue/ROS/helios_ws/src/helios_robot/install/helios_robot/lib/python3.10/site-packages/helios_robot/helios_sensors_filter_2.py to helios_sensors_filter_2.cpython-310.pyc
[0.675s] byte-compiling /home/carpe-bleue/ROS/helios_ws/src/helios_robot/install/helios_robot/lib/python3.10/site-packages/helios_robot/helios_IK_3.py to helios_IK_3.cpython-310.pyc
[0.676s] byte-compiling /home/carpe-bleue/ROS/helios_ws/src/helios_robot/install/helios_robot/lib/python3.10/site-packages/helios_robot/helios_sensors_filtered_plot.py to helios_sensors_filtered_plot.cpython-310.pyc
[0.677s] byte-compiling /home/carpe-bleue/ROS/helios_ws/src/helios_robot/install/helios_robot/lib/python3.10/site-packages/helios_robot/helios_compare_angles.py to helios_compare_angles.cpython-310.pyc
[0.677s] byte-compiling /home/carpe-bleue/ROS/helios_ws/src/helios_robot/install/helios_robot/lib/python3.10/site-packages/helios_robot/helios_robot_reversed_kinematic.py to helios_robot_reversed_kinematic.cpython-310.pyc
[0.678s] byte-compiling /home/carpe-bleue/ROS/helios_ws/src/helios_robot/install/helios_robot/lib/python3.10/site-packages/helios_robot/helios_robot_pose_plot.py to helios_robot_pose_plot.cpython-310.pyc
[0.678s] byte-compiling /home/carpe-bleue/ROS/helios_ws/src/helios_robot/install/helios_robot/lib/python3.10/site-packages/helios_robot/helios_sensors_raw_plot.py to helios_sensors_raw_plot.cpython-310.pyc
[0.679s] byte-compiling /home/carpe-bleue/ROS/helios_ws/src/helios_robot/install/helios_robot/lib/python3.10/site-packages/helios_robot/helios_robot_calibration_2.py to helios_robot_calibration_2.cpython-310.pyc
[0.679s] byte-compiling /home/carpe-bleue/ROS/helios_ws/src/helios_robot/install/helios_robot/lib/python3.10/site-packages/helios_robot/helios_robot_sensor2pose_2.py to helios_robot_sensor2pose_2.cpython-310.pyc
[0.680s] byte-compiling /home/carpe-bleue/ROS/helios_ws/src/helios_robot/install/helios_robot/lib/python3.10/site-packages/helios_robot/helios_pose_plot.py to helios_pose_plot.cpython-310.pyc
[0.680s] byte-compiling /home/carpe-bleue/ROS/helios_ws/src/helios_robot/install/helios_robot/lib/python3.10/site-packages/helios_robot/helios_robot_sensor2angle.py to helios_robot_sensor2angle.cpython-310.pyc
[0.681s] byte-compiling /home/carpe-bleue/ROS/helios_ws/src/helios_robot/install/helios_robot/lib/python3.10/site-packages/helios_robot/__init__.py to __init__.cpython-310.pyc
[0.681s] byte-compiling /home/carpe-bleue/ROS/helios_ws/src/helios_robot/install/helios_robot/lib/python3.10/site-packages/helios_robot/helios_robot_kine_pcc.py to helios_robot_kine_pcc.cpython-310.pyc
[0.681s] byte-compiling /home/carpe-bleue/ROS/helios_ws/src/helios_robot/install/helios_robot/lib/python3.10/site-packages/helios_robot/helios_robot_calibration.py to helios_robot_calibration.cpython-310.pyc
[0.682s] byte-compiling /home/carpe-bleue/ROS/helios_ws/src/helios_robot/install/helios_robot/lib/python3.10/site-packages/helios_robot/helios_robot_plot_PCC.py to helios_robot_plot_PCC.cpython-310.pyc
[0.683s] byte-compiling /home/carpe-bleue/ROS/helios_ws/src/helios_robot/install/helios_robot/lib/python3.10/site-packages/helios_robot/helios_robot_plot_reversed_kinematic.py to helios_robot_plot_reversed_kinematic.cpython-310.pyc
[0.683s] byte-compiling /home/carpe-bleue/ROS/helios_ws/src/helios_robot/install/helios_robot/lib/python3.10/site-packages/helios_robot/helios_IK.py to helios_IK.cpython-310.pyc
[0.684s] byte-compiling /home/carpe-bleue/ROS/helios_ws/src/helios_robot/install/helios_robot/lib/python3.10/site-packages/helios_robot/helios_pose2cable.py to helios_pose2cable.cpython-310.pyc
[0.685s] running install_data
[0.685s] creating /home/carpe-bleue/ROS/helios_ws/src/helios_robot/install/helios_robot/share/ament_index
[0.685s] creating /home/carpe-bleue/ROS/helios_ws/src/helios_robot/install/helios_robot/share/ament_index/resource_index
[0.685s] creating /home/carpe-bleue/ROS/helios_ws/src/helios_robot/install/helios_robot/share/ament_index/resource_index/packages
[0.685s] copying resource/helios_robot -> /home/carpe-bleue/ROS/helios_ws/src/helios_robot/install/helios_robot/share/ament_index/resource_index/packages
[0.685s] copying package.xml -> /home/carpe-bleue/ROS/helios_ws/src/helios_robot/install/helios_robot/share/helios_robot
[0.685s] creating /home/carpe-bleue/ROS/helios_ws/src/helios_robot/install/helios_robot/share/helios_robot/launch
[0.685s] copying launch/plot_PCC_launch.py -> /home/carpe-bleue/ROS/helios_ws/src/helios_robot/install/helios_robot/share/helios_robot/launch
[0.685s] copying launch/mocap_optitrack_launch.py -> /home/carpe-bleue/ROS/helios_ws/src/helios_robot/install/helios_robot/share/helios_robot/launch
[0.686s] running install_egg_info
[0.687s] Copying build/helios_robot/helios_robot.egg-info to /home/carpe-bleue/ROS/helios_ws/src/helios_robot/install/helios_robot/lib/python3.10/site-packages/helios_robot-1.0-py3.10.egg-info
[0.687s] running install_scripts
[0.701s] Installing helios_FK_compare script to /home/carpe-bleue/ROS/helios_ws/src/helios_robot/install/helios_robot/lib/helios_robot
[0.701s] Installing helios_IK script to /home/carpe-bleue/ROS/helios_ws/src/helios_robot/install/helios_robot/lib/helios_robot
[0.701s] Installing helios_IK_2 script to /home/carpe-bleue/ROS/helios_ws/src/helios_robot/install/helios_robot/lib/helios_robot
[0.701s] Installing helios_IK_3 script to /home/carpe-bleue/ROS/helios_ws/src/helios_robot/install/helios_robot/lib/helios_robot
[0.701s] Installing helios_calibration script to /home/carpe-bleue/ROS/helios_ws/src/helios_robot/install/helios_robot/lib/helios_robot
[0.701s] Installing helios_calibration_2 script to /home/carpe-bleue/ROS/helios_ws/src/helios_robot/install/helios_robot/lib/helios_robot
[0.701s] Installing helios_compare_angles script to /home/carpe-bleue/ROS/helios_ws/src/helios_robot/install/helios_robot/lib/helios_robot
[0.701s] Installing helios_diff_plot script to /home/carpe-bleue/ROS/helios_ws/src/helios_robot/install/helios_robot/lib/helios_robot
[0.701s] Installing helios_inversed_kinematic script to /home/carpe-bleue/ROS/helios_ws/src/helios_robot/install/helios_robot/lib/helios_robot
[0.701s] Installing helios_inversed_kinematic_plot script to /home/carpe-bleue/ROS/helios_ws/src/helios_robot/install/helios_robot/lib/helios_robot
[0.702s] Installing helios_mocap script to /home/carpe-bleue/ROS/helios_ws/src/helios_robot/install/helios_robot/lib/helios_robot
[0.702s] Installing helios_plot_PCC script to /home/carpe-bleue/ROS/helios_ws/src/helios_robot/install/helios_robot/lib/helios_robot
[0.702s] Installing helios_pose2cable script to /home/carpe-bleue/ROS/helios_ws/src/helios_robot/install/helios_robot/lib/helios_robot
[0.702s] Installing helios_pose2cable_2 script to /home/carpe-bleue/ROS/helios_ws/src/helios_robot/install/helios_robot/lib/helios_robot
[0.702s] Installing helios_pose_plot script to /home/carpe-bleue/ROS/helios_ws/src/helios_robot/install/helios_robot/lib/helios_robot
[0.702s] Installing helios_robot_kine_pcc script to /home/carpe-bleue/ROS/helios_ws/src/helios_robot/install/helios_robot/lib/helios_robot
[0.702s] Installing helios_robot_mocap_plot script to /home/carpe-bleue/ROS/helios_ws/src/helios_robot/install/helios_robot/lib/helios_robot
[0.702s] Installing helios_robot_sensor2angle script to /home/carpe-bleue/ROS/helios_ws/src/helios_robot/install/helios_robot/lib/helios_robot
[0.702s] Installing helios_robot_sensor2pose script to /home/carpe-bleue/ROS/helios_ws/src/helios_robot/install/helios_robot/lib/helios_robot
[0.702s] Installing helios_robot_sensor2pose_2 script to /home/carpe-bleue/ROS/helios_ws/src/helios_robot/install/helios_robot/lib/helios_robot
[0.702s] Installing helios_sensors_filter script to /home/carpe-bleue/ROS/helios_ws/src/helios_robot/install/helios_robot/lib/helios_robot
[0.702s] Installing helios_sensors_filter_2 script to /home/carpe-bleue/ROS/helios_ws/src/helios_robot/install/helios_robot/lib/helios_robot
[0.702s] Installing helios_sensors_filtered_plot script to /home/carpe-bleue/ROS/helios_ws/src/helios_robot/install/helios_robot/lib/helios_robot
[0.702s] Installing helios_sensors_merged_plot script to /home/carpe-bleue/ROS/helios_ws/src/helios_robot/install/helios_robot/lib/helios_robot
[0.702s] Installing helios_sensors_normalized script to /home/carpe-bleue/ROS/helios_ws/src/helios_robot/install/helios_robot/lib/helios_robot
[0.702s] Installing helios_sensors_raw_plot script to /home/carpe-bleue/ROS/helios_ws/src/helios_robot/install/helios_robot/lib/helios_robot
[0.702s] Installing helios_sensors_variation script to /home/carpe-bleue/ROS/helios_ws/src/helios_robot/install/helios_robot/lib/helios_robot
[0.702s] Installing helios_test script to /home/carpe-bleue/ROS/helios_ws/src/helios_robot/install/helios_robot/lib/helios_robot
[0.702s] writing list of installed files to '/home/carpe-bleue/ROS/helios_ws/src/helios_robot/build/helios_robot/install.log'
[0.718s] Invoked command in '/home/carpe-bleue/ROS/helios_ws/src/helios_robot' returned '0': PYTHONPATH=/home/carpe-bleue/ROS/helios_ws/src/helios_robot/build/helios_robot/prefix_override:/usr/lib/python3/dist-packages/colcon_core/task/python/colcon_distutils_commands:/home/carpe-bleue/ROS/helios_ws/src/helios_robot/install/helios_robot/lib/python3.10/site-packages:${PYTHONPATH} /usr/bin/python3 -W ignore:setup.py install is deprecated -W ignore:easy_install command is deprecated setup.py egg_info --egg-base build/helios_robot build --build-base /home/carpe-bleue/ROS/helios_ws/src/helios_robot/build/helios_robot/build install --record /home/carpe-bleue/ROS/helios_ws/src/helios_robot/build/helios_robot/install.log --single-version-externally-managed install_data
